<?xml version="1.0" encoding="UTF-8"?>
<TestRun id="9e44b7d7-f006-486c-b341-99d1453e139d" name="Jonas@MARIELL-DATOR 2012-06-12 22:14:13" runUser="MariEll-Dator\Jonas" xmlns="http://microsoft.com/schemas/VisualStudio/TeamTest/2010">
  <TestSettings name="Default Test Settings" id="9e1c85ca-0e4d-46d8-b533-a4c48a29838b">
    <Deployment runDeploymentRoot="Jonas_MARIELL-DATOR 2012-06-12 22_14_13">
      <DeploymentItem filename="C:\Users\Jonas\Documents\Ordlistan\Ordlistan\bin\Ordlistan.dll" />
    </Deployment>
    <Execution>
      <TestTypeSpecific />
      <AgentRule name="Execution Agents">
      </AgentRule>
    </Execution>
  </TestSettings>
  <Times creation="2012-06-12T22:14:13.6613952+02:00" queuing="2012-06-12T22:14:14.2704300+02:00" start="2012-06-12T22:14:14.5364452+02:00" finish="2012-06-12T22:14:16.6375654+02:00" />
  <ResultSummary outcome="Completed">
    <Counters total="1" executed="1" passed="1" error="0" failed="0" timeout="0" aborted="0" inconclusive="0" passedButRunAborted="0" notRunnable="0" notExecuted="0" disconnected="0" warning="0" completed="0" inProgress="0" pending="0" />
  </ResultSummary>
  <TestDefinitions>
    <UnitTest name="About" storage="c:\users\jonas\documents\ordlistan\ordlistan.tests\bin\debug\ordlistan.tests.dll" id="6330e36a-936c-11bf-59e7-04aa288c5222">
      <Execution id="81245a7e-fdc1-494d-90c1-2a9f73415f27" />
      <TestMethod codeBase="C:/Users/Jonas/Documents/Ordlistan/Ordlistan.Tests/bin/Debug/Ordlistan.Tests.DLL" adapterTypeName="Microsoft.VisualStudio.TestTools.TestTypes.Unit.UnitTestAdapter, Microsoft.VisualStudio.QualityTools.Tips.UnitTest.Adapter, Version=10.0.0.0, Culture=neutral, PublicKeyToken=b03f5f7f11d50a3a" className="Ordlistan.Tests.Controllers.HomeControllerTest, Ordlistan.Tests, Version=1.0.0.0, Culture=neutral, PublicKeyToken=null" name="About" />
    </UnitTest>
  </TestDefinitions>
  <TestLists>
    <TestList name="Results Not in a List" id="8c84fa94-04c1-424b-9868-57a2d4851a1d" />
    <TestList name="All Loaded Results" id="19431567-8539-422a-85d7-44ee4e166bda" />
  </TestLists>
  <TestEntries>
    <TestEntry testId="6330e36a-936c-11bf-59e7-04aa288c5222" executionId="81245a7e-fdc1-494d-90c1-2a9f73415f27" testListId="8c84fa94-04c1-424b-9868-57a2d4851a1d" />
  </TestEntries>
  <Results>
    <UnitTestResult executionId="81245a7e-fdc1-494d-90c1-2a9f73415f27" testId="6330e36a-936c-11bf-59e7-04aa288c5222" testName="About" computerName="MARIELL-DATOR" duration="00:00:00.1193645" startTime="2012-06-12T22:14:14.7474573+02:00" endTime="2012-06-12T22:14:16.0975345+02:00" testType="13cdc9d9-ddb5-4fa4-a97d-d965ccfc6d4b" outcome="Passed" testListId="8c84fa94-04c1-424b-9868-57a2d4851a1d" relativeResultsDirectory="81245a7e-fdc1-494d-90c1-2a9f73415f27">
    </UnitTestResult>
  </Results>
</TestRun>